// Jest Snapshot v1, https://goo.gl/fbAQLP

exports[`should render index page 1`] = `
<View
  style={
    Object {
      "alignItems": "center",
      "flex": 1,
      "justifyContent": "center",
    }
  }
>
  <Text
    style={
      Object {
        "fontSize": 16,
      }
    }
  >
    Welcome to Expo + Next.js
  </Text>
  <Text>
    Random Number: 
  </Text>
</View>
`;
